../Core/Src/gsm.c:30:13:GSM_Debug	616	static
../Core/Src/gsm.c:50:13:GSM_UART_StartReceive	8	static
../Core/Src/gsm.c:64:6:GSM_AttachUart	16	static
../Core/Src/gsm.c:69:6:GSM_AttachDebugUart	16	static
../Core/Src/gsm.c:76:6:GSM_RxEventCallback	16	static
../Core/Src/gsm.c:92:6:GSM_ErrorCallback	16	static
../Core/Src/gsm.c:105:19:GSM_SendATCommand	40	static
../Core/Src/gsm.c:140:19:GSM_Init	24	static
../Core/Src/gsm.c:217:19:GSM_SendSMS_Multiple	104	static
../Core/Src/gsm.c:261:26:GSM_HTTP_SetURL	80	static
../Core/Src/gsm.c:273:19:GSM_HTTP_GET	16	static
../Core/Src/gsm.c:286:19:GSM_HTTP_POST	152	static
../Core/Src/gsm.c:314:19:GSM_Ping	168	static
../Core/Src/gsm.c:381:19:GSM_GetSignalQuality	32	static
../Core/Src/gsm.c:408:19:GSM_GetRegistrationStatus	32	static
../Core/Src/gsm.c:431:19:GSM_GetNetworkName	32	static
../Core/Src/gsm.c:461:19:GSM_GetNetworkStatus	24	static
../Core/Src/gsm.c:489:20:GSM_RegStatusToString	16	static
../Core/Src/gsm.c:502:6:GSM_PrintNetworkStatus	56	static
